time=2026-05-08T15:10:57+08:00 level=INFO msg="Starting GoTools" version=dev platform=windows/amd64
time=2026-05-08T15:10:57+08:00 level=INFO msg="Creating new ProcessService instance"
time=2026-05-08T15:10:57+08:00 level=INFO msg="Creating new DatabaseService instance"
time=2026-05-08T15:10:57+08:00 level=INFO msg="Creating new MySQLShellTool instance"
time=2026-05-08T15:10:57+08:00 level=INFO msg="Creating new MySQLDumpTool instance"
time=2026-05-08T15:10:57+08:00 level=INFO msg="Creating new DialogService instance"
time=2026-05-08T15:10:57+08:00 level=INFO msg="System tray created"
time=2026-05-08T15:10:57+08:00 level=INFO msg="Application menu created"
time=2026-05-08T15:10:57+08:00 level=INFO msg="GoTools started successfully"
time=2026-05-08T15:13:49+08:00 level=INFO msg="Starting GoTools" version=dev platform=windows/amd64
time=2026-05-08T15:13:50+08:00 level=INFO msg="Creating new ProcessService instance"
time=2026-05-08T15:13:50+08:00 level=INFO msg="Creating new DatabaseService instance"
time=2026-05-08T15:13:50+08:00 level=INFO msg="Creating new MySQLShellTool instance"
time=2026-05-08T15:13:50+08:00 level=INFO msg="Creating new MySQLDumpTool instance"
time=2026-05-08T15:13:50+08:00 level=INFO msg="Creating new DialogService instance"
time=2026-05-08T15:13:50+08:00 level=INFO msg="System tray created"
time=2026-05-08T15:13:50+08:00 level=INFO msg="Application menu created"
time=2026-05-08T15:13:50+08:00 level=INFO msg="GoTools started successfully"
time=2026-05-08T15:14:38+08:00 level=INFO msg="Starting GoTools" version=dev platform=windows/amd64
time=2026-05-08T15:14:38+08:00 level=INFO msg="Creating new ProcessService instance"
time=2026-05-08T15:14:38+08:00 level=INFO msg="Creating new DatabaseService instance"
time=2026-05-08T15:14:38+08:00 level=INFO msg="Creating new MySQLShellTool instance"
time=2026-05-08T15:14:38+08:00 level=INFO msg="Creating new MySQLDumpTool instance"
time=2026-05-08T15:14:38+08:00 level=INFO msg="Creating new DialogService instance"
time=2026-05-08T15:14:38+08:00 level=INFO msg="System tray created"
time=2026-05-08T15:14:38+08:00 level=INFO msg="Application menu created"
time=2026-05-08T15:14:38+08:00 level=INFO msg="GoTools started successfully"
time=2026-05-08T15:16:22+08:00 level=INFO msg="Starting GoTools" version=dev platform=windows/amd64
time=2026-05-08T15:16:22+08:00 level=INFO msg="Creating new ProcessService instance"
time=2026-05-08T15:16:22+08:00 level=INFO msg="Creating new DatabaseService instance"
time=2026-05-08T15:16:22+08:00 level=INFO msg="Creating new MySQLShellTool instance"
time=2026-05-08T15:16:22+08:00 level=INFO msg="Creating new MySQLDumpTool instance"
time=2026-05-08T15:16:22+08:00 level=INFO msg="Creating new DialogService instance"
time=2026-05-08T15:16:22+08:00 level=INFO msg="System tray created"
time=2026-05-08T15:16:22+08:00 level=INFO msg="Application menu created"
time=2026-05-08T15:16:22+08:00 level=INFO msg="GoTools started successfully"
time=2026-05-08T15:20:08+08:00 level=INFO msg="Starting GoTools" version=dev platform=windows/amd64
time=2026-05-08T15:20:08+08:00 level=INFO msg="Creating new ProcessService instance"
time=2026-05-08T15:20:08+08:00 level=INFO msg="Creating new DatabaseService instance"
time=2026-05-08T15:20:08+08:00 level=INFO msg="Creating new MySQLShellTool instance"
time=2026-05-08T15:20:08+08:00 level=INFO msg="Creating new MySQLDumpTool instance"
time=2026-05-08T15:20:08+08:00 level=INFO msg="Creating new DialogService instance"
time=2026-05-08T15:20:08+08:00 level=INFO msg="System tray created"
time=2026-05-08T15:20:08+08:00 level=INFO msg="Application menu created"
time=2026-05-08T15:20:08+08:00 level=INFO msg="GoTools started successfully"
time=2026-05-08T15:20:13+08:00 level=INFO msg="Getting system process infos"
time=2026-05-08T15:20:13+08:00 level=INFO msg="Got system process infos" count=445
time=2026-05-08T15:20:14+08:00 level=INFO msg="Getting all database connections"
time=2026-05-08T15:20:14+08:00 level=INFO msg="Getting export settings"
time=2026-05-08T15:20:14+08:00 level=INFO msg="Loading export settings from config"
time=2026-05-08T15:20:14+08:00 level=INFO msg="Loading all database connections from config"
time=2026-05-08T15:20:14+08:00 level=INFO msg="Loaded export settings" export_tool=mysql-shell export_path=""
time=2026-05-08T15:20:14+08:00 level=INFO msg="Got export settings successfully"
time=2026-05-08T15:20:14+08:00 level=INFO msg="Loaded database connections" count=0
time=2026-05-08T15:20:14+08:00 level=INFO msg="Got database connections" count=0
time=2026-05-08T15:20:15+08:00 level=INFO msg="Getting export settings"
time=2026-05-08T15:20:15+08:00 level=INFO msg="Loading export settings from config"
time=2026-05-08T15:20:15+08:00 level=INFO msg="Loaded export settings" export_tool=mysql-shell export_path=""
time=2026-05-08T15:20:15+08:00 level=INFO msg="Got export settings successfully"
